Traceback (most recent call last):
  File "<frozen runpy>", line 133, in _get_module_details
  File "<frozen importlib.util>", line 90, in find_spec
ModuleNotFoundError: No module named 'lambdaforge'

The above exception was the direct cause of the following exception:

Traceback (most recent call last):
  File "<string>", line 1, in <module>
    from multiprocessing.spawn import spawn_main; spawn_main(tracker_fd=8, pipe_handle=12)
                                                  ~~~~~~~~~~^^^^^^^^^^^^^^^^^^^^^^^^^^^^^^
  File "/usr/lib/python3.14/multiprocessing/spawn.py", line 122, in spawn_main
    exitcode = _main(fd, parent_sentinel)
  File "/usr/lib/python3.14/multiprocessing/spawn.py", line 131, in _main
    prepare(preparation_data)
    ~~~~~~~^^^^^^^^^^^^^^^^^^
  File "/usr/lib/python3.14/multiprocessing/spawn.py", line 244, in prepare
    _fixup_main_from_name(data['init_main_from_name'])
    ~~~~~~~~~~~~~~~~~~~~~^^^^^^^^^^^^^^^^^^^^^^^^^^^^^
  File "/usr/lib/python3.14/multiprocessing/spawn.py", line 268, in _fixup_main_from_name
    main_content = runpy.run_module(mod_name,
                                    run_name="__mp_main__",
                                    alter_sys=True)
  File "<frozen runpy>", line 227, in run_module
  File "<frozen runpy>", line 142, in _get_module_details
ImportError: Error while finding module specification for 'lambdaforge.data.DatasetBuildWorker' (ModuleNotFoundError: No module named 'lambdaforge')
