{
  "kind": "dataset-build",
  "build_id": "sha256:1f7ce0802d155711b25dd3aa71ed971fe1fd6e1206150dd0bb963898b30f7144",
  "dataset": "wisdom-dna@1",
  "status": "failed",
  "stages": {
    "curate": {
      "status": "failed",
      "outputs": {},
      "metrics": {},
      "artifacts": [],
      "result": {
        "result_version": 1,
        "kind": "task",
        "name": "wisdom-dna-curate",
        "run_dir": "/home/david/Escritorio/WISDOM/runs/datasets/.stage-cache/curate/wisdom-dna-curate/3ca9bf5842ffb228",
        "variant": null,
        "seed": null,
        "status": "failed",
        "outputs": {},
        "metrics": {},
        "final_metrics": {},
        "artifacts": [],
        "metadata": {},
        "skipped_existing": false,
        "seconds": 2294.29219247499,
        "error": {
          "type": "ValueError",
          "message": "Duplicate preprocessing record key: 'DyProL:v1-2026-04-13:development:7S01_D'.",
          "traceback": "Traceback (most recent call last):\n  File \"/home/david/Escritorio/WISDOM/.venv/lib/python3.14/site-packages/lambdaforge/tasks/TaskRunner.py\", line 135, in run\n    output = TaskOutput.from_value(self._invoke(method, context))\n                                   ~~~~~~~~~~~~^^^^^^^^^^^^^^^^^\n  File \"/home/david/Escritorio/WISDOM/.venv/lib/python3.14/site-packages/lambdaforge/tasks/TaskRunner.py\", line 245, in _invoke\n    return method(context)\n  File \"/home/david/Escritorio/WISDOM/.venv/lib/python3.14/site-packages/lambdaforge/preprocessing/PreprocessingTask.py\", line 131, in run\n    raise ValueError(f\"Duplicate preprocessing record key: {record.key!r}.\")\nValueError: Duplicate preprocessing record key: 'DyProL:v1-2026-04-13:development:7S01_D'.\n"
        },
        "attempt_id": "20260814T113151706234Z-3ca9bf5842ff-19623380",
        "config_fingerprint": "sha256:3ca9bf5842ffb2285a7d9a9c29d5532c57d89e52ad0e1f4a94c24d5b4a3daf6d",
        "started_at_utc": "2026-08-14T11:31:51.706234+00:00",
        "finished_at_utc": "2026-08-14T12:10:06.059841+00:00"
      }
    },
    "geometry": {
      "status": "blocked",
      "blocked_by": [
        "curate"
      ]
    },
    "annotate": {
      "status": "blocked",
      "blocked_by": [
        "curate",
        "geometry"
      ]
    }
  },
  "record": null,
  "error": "Required dataset stage(s) failed: curate, geometry, annotate"
}
